kotlin version: 2.3.21
error message: Incremental compilation failed: The following FqNames can't be derived from DirtyData.dirtyLookupSymbols: ai.factoredui.compose.schema.SpecValue.
DirtyData = DirtyData(dirtyLookupSymbols=[LookupSymbol(name=<SAM-CONSTRUCTOR>, scope=ai.factoredui.compose.schema.SpecValue), LookupSymbol(name=serializer, scope=ai.factoredui.compose.schema.SpecValue.Companion), LookupSymbol(name=Companion, scope=ai.factoredui.compose.schema.SpecValue), LookupSymbol(name=CanvasProps, scope=ai.factoredui.compose.schema), LookupSymbol(name=<SAM-CONSTRUCTOR>, scope=ai.factoredui.compose.schema.SpecValue.Companion), LookupSymbol(name=<SAM-CONSTRUCTOR>, scope=ai.factoredui.compose.schema), LookupSymbol(name=CanvasEdge, scope=ai.factoredui.compose.schema), LookupSymbol(name=StringValue, scope=ai.factoredui.compose.schema.SpecValue), LookupSymbol(name=NumberValue, scope=ai.factoredui.compose.schema.SpecValue), LookupSymbol(name=resolveFieldNodeEntries, scope=ai.factoredui.compose.schema)], dirtyClassesFqNames=[ai.factoredui.compose.schema.SpecValue, ai.factoredui.compose.schema.CanvasEdge, ai.factoredui.compose.schema.SpecValue.StringValue, ai.factoredui.compose.schema.SpecValue.NumberValue, ai.factoredui.compose.schema.CanvasProps, ai.factoredui.compose.schema.SpecValue.Companion, ai.factoredui.compose.schema], dirtyClassesFqNamesForceRecompile=[])
java.lang.IllegalStateException: The following FqNames can't be derived from DirtyData.dirtyLookupSymbols: ai.factoredui.compose.schema.SpecValue.
DirtyData = DirtyData(dirtyLookupSymbols=[LookupSymbol(name=<SAM-CONSTRUCTOR>, scope=ai.factoredui.compose.schema.SpecValue), LookupSymbol(name=serializer, scope=ai.factoredui.compose.schema.SpecValue.Companion), LookupSymbol(name=Companion, scope=ai.factoredui.compose.schema.SpecValue), LookupSymbol(name=CanvasProps, scope=ai.factoredui.compose.schema), LookupSymbol(name=<SAM-CONSTRUCTOR>, scope=ai.factoredui.compose.schema.SpecValue.Companion), LookupSymbol(name=<SAM-CONSTRUCTOR>, scope=ai.factoredui.compose.schema), LookupSymbol(name=CanvasEdge, scope=ai.factoredui.compose.schema), LookupSymbol(name=StringValue, scope=ai.factoredui.compose.schema.SpecValue), LookupSymbol(name=NumberValue, scope=ai.factoredui.compose.schema.SpecValue), LookupSymbol(name=resolveFieldNodeEntries, scope=ai.factoredui.compose.schema)], dirtyClassesFqNames=[ai.factoredui.compose.schema.SpecValue, ai.factoredui.compose.schema.CanvasEdge, ai.factoredui.compose.schema.SpecValue.StringValue, ai.factoredui.compose.schema.SpecValue.NumberValue, ai.factoredui.compose.schema.CanvasProps, ai.factoredui.compose.schema.SpecValue.Companion, ai.factoredui.compose.schema], dirtyClassesFqNamesForceRecompile=[])
	at org.jetbrains.kotlin.incremental.classpathDiff.ClasspathChangesComputer.toProgramSymbols(ClasspathChangesComputer.kt:362)
	at org.jetbrains.kotlin.incremental.classpathDiff.ClasspathChangesComputer.computeFineGrainedKotlinClassChanges(ClasspathChangesComputer.kt:262)
	at org.jetbrains.kotlin.incremental.classpathDiff.ClasspathChangesComputer.computeKotlinClassChanges(ClasspathChangesComputer.kt:162)
	at org.jetbrains.kotlin.incremental.classpathDiff.ClasspathChangesComputer.computeClassChanges(ClasspathChangesComputer.kt:135)
	at org.jetbrains.kotlin.incremental.classpathDiff.ClasspathChangesComputer.computeChangedAndImpactedSet(ClasspathChangesComputer.kt:85)
	at org.jetbrains.kotlin.incremental.classpathDiff.ClasspathChangesComputer.computeClasspathChanges(ClasspathChangesComputer.kt:53)
	at org.jetbrains.kotlin.incremental.dirtyFiles.ClasspathSnapshotBasedImpactDeterminer.determineChangedAndImpactedSymbols(ClasspathSnapshotBasedImpactDeterminer.kt:40)
	at org.jetbrains.kotlin.incremental.dirtyFiles.JvmSourcesToCompileCalculator.calculateSourcesToCompileImpl(JvmSourcesToCompileCalculator.kt:40)
	at org.jetbrains.kotlin.incremental.dirtyFiles.JvmSourcesToCompileCalculator.calculateWithClasspathSnapshot(JvmSourcesToCompileCalculator.kt:96)
	at org.jetbrains.kotlin.incremental.IncrementalJvmCompilerRunner.calculateSourcesToCompile(IncrementalJvmCompilerRunner.kt:68)
	at org.jetbrains.kotlin.incremental.IncrementalJvmCompilerRunner.calculateSourcesToCompile(IncrementalJvmCompilerRunner.kt:26)
	at org.jetbrains.kotlin.incremental.IncrementalCompilerRunner.tryCompileIncrementally$lambda$0$compile(IncrementalCompilerRunner.kt:228)
	at org.jetbrains.kotlin.incremental.IncrementalCompilerRunner.tryCompileIncrementally(IncrementalCompilerRunner.kt:270)
	at org.jetbrains.kotlin.incremental.IncrementalCompilerRunner.compile(IncrementalCompilerRunner.kt:122)
	at org.jetbrains.kotlin.daemon.CompileServiceImplBase.execIncrementalCompiler(CompileServiceImpl.kt:764)
	at org.jetbrains.kotlin.daemon.CompileServiceImplBase.access$execIncrementalCompiler(CompileServiceImpl.kt:107)
	at org.jetbrains.kotlin.daemon.CompileServiceImpl.compile(CompileServiceImpl.kt:2026)
	at java.base/jdk.internal.reflect.DirectMethodHandleAccessor.invoke(Unknown Source)
	at java.base/java.lang.reflect.Method.invoke(Unknown Source)
	at java.rmi/sun.rmi.server.UnicastServerRef.dispatch(Unknown Source)
	at java.rmi/sun.rmi.transport.Transport$1.run(Unknown Source)
	at java.rmi/sun.rmi.transport.Transport$1.run(Unknown Source)
	at java.base/java.security.AccessController.doPrivileged(Unknown Source)
	at java.rmi/sun.rmi.transport.Transport.serviceCall(Unknown Source)
	at java.rmi/sun.rmi.transport.tcp.TCPTransport.handleMessages(Unknown Source)
	at java.rmi/sun.rmi.transport.tcp.TCPTransport$ConnectionHandler.run0(Unknown Source)
	at java.rmi/sun.rmi.transport.tcp.TCPTransport$ConnectionHandler.lambda$run$0(Unknown Source)
	at java.base/java.security.AccessController.doPrivileged(Unknown Source)
	at java.rmi/sun.rmi.transport.tcp.TCPTransport$ConnectionHandler.run(Unknown Source)
	at java.base/java.util.concurrent.ThreadPoolExecutor.runWorker(Unknown Source)
	at java.base/java.util.concurrent.ThreadPoolExecutor$Worker.run(Unknown Source)
	at java.base/java.lang.Thread.run(Unknown Source)


